<%@ page contentType="text/html; charset=UTF-8" session="false" %><%@ taglib prefix="c" uri="http://java.sun.com/jsp/jstl/core"%><%@ taglib prefix="fmt" uri="http://java.sun.com/jsp/jstl/fmt"%><c:forEach var="item" items="${ model.items }" varStatus="loop">COPY</c:forEach>
<c:forEach var="keyAndItem" items="${ model.items }" varStatus="loop"><c:set var="key" value="${ keyAndItem.key }" /><c:set var="item" value="${ keyAndItem.value }" />BREAKPOINT</c:forEach>
<c:forEach var="item" items="${ model.items }" varStatus="loop">${ loop.count }${ loop.index }${ loop.isFirst }${ loop.isLast }</c:forEach>
